Command './volatility_2.6_lin64_standalone --plugins=./plugins/ --profile=LinuxUbuntu10043x86 linux_check_fop -f ubuntu-10.04.3-i386-LiveCD-kbeast.mem'
Symbol Name                                Member                            Address
------------------------------------------ ------------------------------ ----------

 Command './volatility_2.6_lin64_standalone --plugins=./plugins/ --profile=LinuxUbuntu10043x86 linux_check_modules -f ubuntu-10.04.3-i386-LiveCD-kbeast.mem' 
Module Address Core Address Init Address Module Name             
-------------- ------------ ------------ ------------------------
    0xf817eae0   0xf817d000          0x0 ipsecs_kbeast_v1        

Command: './volatility_2.6_lin64_standalone --plugins=./plugins/ --profile=LinuxUbuntu10043x86 -f ubuntu-10.04.3-i386-LiveCD-kbeast.mem linux_pslist'
Offset     Name                 Pid             PPid            Uid             Gid    DTB        Start Time
---------- -------------------- --------------- --------------- --------------- ------ ---------- ----------
0xf7068000 init                 1               0               0               0      0x3580a000 2012-05-01 13:12:48 UTC+0000
0xf7068cc0 kthreadd             2               0               0               0      ---------- 2012-05-01 13:12:48 UTC+0000
0xf7069980 migration/0          3               2               0               0      ---------- 2012-05-01 13:12:48 UTC+0000
0xf706a640 ksoftirqd/0          4               2               0               0      ---------- 2012-05-01 13:12:48 UTC+0000
0xf706b300 watchdog/0           5               2               0               0      ---------- 2012-05-01 13:12:48 UTC+0000
0xf706bfc0 events/0             6               2               0               0      ---------- 2012-05-01 13:12:48 UTC+0000
0xf706cc80 cpuset               7               2               0               0      ---------- 2012-05-01 13:12:48 UTC+0000
0xf706d940 khelper              8               2               0               0      ---------- 2012-05-01 13:12:48 UTC+0000
0xf706e600 async/mgr            9               2               0               0      ---------- 2012-05-01 13:12:48 UTC+0000
0xf706f2c0 pm                   10              2               0               0      ---------- 2012-05-01 13:12:48 UTC+0000
0xf7090000 sync_supers          11              2               0               0      ---------- 2012-05-01 13:12:48 UTC+0000
0xf7090cc0 bdi-default          12              2               0               0      ---------- 2012-05-01 13:12:48 UTC+0000
0xf7091980 kintegrityd/0        13              2               0               0      ---------- 2012-05-01 13:12:48 UTC+0000
0xf7092640 kblockd/0            14              2               0               0      ---------- 2012-05-01 13:12:48 UTC+0000
0xf7093300 kacpid               15              2               0               0      ---------- 2012-05-01 13:12:48 UTC+0000
0xf7093fc0 kacpi_notify         16              2               0               0      ---------- 2012-05-01 13:12:48 UTC+0000
0xf7094c80 kacpi_hotplug        17              2               0               0      ---------- 2012-05-01 13:12:48 UTC+0000
0xf7095940 ata/0                18              2               0               0      ---------- 2012-05-01 13:12:48 UTC+0000
0xf7096600 ata_aux              19              2               0               0      ---------- 2012-05-01 13:12:48 UTC+0000
0xf70972c0 ksuspend_usbd        20              2               0               0      ---------- 2012-05-01 13:12:48 UTC+0000
0xf70f8000 khubd                21              2               0               0      ---------- 2012-05-01 13:12:48 UTC+0000
0xf70f8cc0 kseriod              22              2               0               0      ---------- 2012-05-01 13:12:48 UTC+0000
0xf70f9980 kmmcd                23              2               0               0      ---------- 2012-05-01 13:12:48 UTC+0000
0xf70fa640 khungtaskd           26              2               0               0      ---------- 2012-05-01 13:12:48 UTC+0000
0xf70fbfc0 kswapd0              27              2               0               0      ---------- 2012-05-01 13:12:49 UTC+0000
0xf70fcc80 ksmd                 28              2               0               0      ---------- 2012-05-01 13:12:49 UTC+0000
0xf70fd940 aio/0                29              2               0               0      ---------- 2012-05-01 13:12:49 UTC+0000
0xf70fe600 ecryptfs-kthrea      30              2               0               0      ---------- 2012-05-01 13:12:49 UTC+0000
0xf70ff2c0 crypto/0             31              2               0               0      ---------- 2012-05-01 13:12:49 UTC+0000
0xf736a640 scsi_eh_0            35              2               0               0      ---------- 2012-05-01 13:12:49 UTC+0000
0xf736bfc0 scsi_eh_1            37              2               0               0      ---------- 2012-05-01 13:12:49 UTC+0000
0xf7368cc0 kstriped             39              2               0               0      ---------- 2012-05-01 13:12:49 UTC+0000
0xf736cc80 kmpathd/0            40              2               0               0      ---------- 2012-05-01 13:12:49 UTC+0000
0xf736d940 kmpath_handlerd      41              2               0               0      ---------- 2012-05-01 13:12:49 UTC+0000
0xf736e600 ksnapd               42              2               0               0      ---------- 2012-05-01 13:12:49 UTC+0000
0xf736f2c0 kondemand/0          43              2               0               0      ---------- 2012-05-01 13:12:49 UTC+0000
0xf73f0000 kconservative/0      44              2               0               0      ---------- 2012-05-01 13:12:49 UTC+0000
0xf6992640 scsi_eh_2            193             2               0               0      ---------- 2012-05-01 13:12:49 UTC+0000
0xf69b6600 usbhid_resumer       209             2               0               0      ---------- 2012-05-01 13:12:50 UTC+0000
0xf69b0000 aufsd                300             2               0               0      ---------- 2012-05-01 13:12:51 UTC+0000
0xf69b2640 aufsd                301             2               0               0      ---------- 2012-05-01 13:12:51 UTC+0000
0xf69b0cc0 aufsd                302             2               0               0      ---------- 2012-05-01 13:12:51 UTC+0000
0xf69b3fc0 aufsd                303             2               0               0      ---------- 2012-05-01 13:12:51 UTC+0000
0xf73f1980 loop0                315             2               0               0      ---------- 2012-05-01 13:12:51 UTC+0000
0xf68bbfc0 upstart-udev-br      972             1               0               0      0x369d1000 2012-05-01 13:13:01 UTC+0000
0xf69972c0 rsyslogd             982             1               101             103    0x368a5000 2012-05-01 13:13:01 UTC+0000
0xf73f4c80 udevd                988             1               0               0      0x369e5000 2012-05-01 13:13:01 UTC+0000
0xf586d940 kpsmoused            1222            2               0               0      ---------- 2012-05-01 13:13:02 UTC+0000
0xf590d940 login                1375            1               0               999    0x36bc9000 2012-05-01 13:13:02 UTC+0000
0xf590f2c0 login                1380            1               0               999    0x35812000 2012-05-01 13:13:02 UTC+0000
0xf58cb300 login                1398            1               0               999    0x3597e000 2012-05-01 13:13:03 UTC+0000
0xf68f5940 login                1402            1               0               999    0x36b47000 2012-05-01 13:13:03 UTC+0000
0xf6943300 login                1407            1               0               999    0x36bb3000 2012-05-01 13:13:03 UTC+0000
0xf6943fc0 acpid                1410            1               0               0      0x3680c000 2012-05-01 13:13:03 UTC+0000
0xf590e600 cron                 1412            1               0               0      0x35977000 2012-05-01 13:13:03 UTC+0000
0xf5908000 atd                  1413            1               0               0      0x36bb7000 2012-05-01 13:13:03 UTC+0000
0xf68b6600 cupsd                1561            1               0               0      0x358aa000 2012-05-01 13:13:03 UTC+0000
0xf595d940 gdm-binary           1833            1               0               0      0x3597c000 2012-05-01 13:13:04 UTC+0000
0xf59f72c0 bash                 1854            1407            999             999    0x358f9000 2012-05-01 13:13:04 UTC+0000
0xf59f6600 bash                 1855            1375            999             999    0x359d1000 2012-05-01 13:13:04 UTC+0000
0xf59f5940 bash                 1856            1402            999             999    0x3597f000 2012-05-01 13:13:04 UTC+0000
0xf59f2640 bash                 1857            1398            999             999    0x3589d000 2012-05-01 13:13:04 UTC+0000
0xf59f0000 bash                 1858            1380            999             999    0x3584b000 2012-05-01 13:13:04 UTC+0000
0xf59f1980 login                2188            1               0               999    0x359b1000 2012-05-01 13:13:05 UTC+0000
0xf5960cc0 bash                 2270            2188            999             999    0x35a09000 2012-05-01 13:13:06 UTC+0000
0xf5bda640 hald                 2441            1               108             114    0x2b459000 2012-05-01 13:13:12 UTC+0000
0xf5bdf2c0 hald-runner          2442            2441            0               0      0x2b481000 2012-05-01 13:13:12 UTC+0000
0xeb4be600 hald-addon-inpu      2504            2442            0               0      0x2b5f6000 2012-05-01 13:13:13 UTC+0000
0xeb581980 hald-addon-stor      2513            2442            0               0      0x2b603000 2012-05-01 13:13:14 UTC+0000
0xf68bd940 hald-addon-acpi      2516            2442            108             114    0x2b512000 2012-05-01 13:13:14 UTC+0000
0xeb582640 dhclient             3771            1               0               0      0x35aa0000 2012-05-01 14:21:41 UTC+0000
0xf58c8cc0 dbus-daemon          3863            1               102             107    0x2410c000 2012-05-01 14:22:14 UTC+0000
0xf58ca640 gdm-simple-slav      3865            1833            0               0      0x2b705000 2012-05-01 14:22:18 UTC+0000
0xf58cf2c0 Xorg                 3867            3865            0               0      0x24011000 2012-05-01 14:22:18 UTC+0000
0xf59672c0 gdm-session-wor      3876            3865            0               999    0x2400d000 2012-05-01 14:22:18 UTC+0000
0xf5963fc0 console-kit-dae      3878            1               0               0      0x359ba000 2012-05-01 14:22:18 UTC+0000
0xf68be600 gnome-session        3951            3876            999             999    0x35a6e000 2012-05-01 14:22:18 UTC+0000
0xe43a3300 ssh-agent            3985            3951            999             999    0x240a6000 2012-05-01 14:22:18 UTC+0000
0xe43a72c0 dbus-launch          3988            1               999             999    0x2b49b000 2012-05-01 14:22:18 UTC+0000
0xe43a3fc0 dbus-daemon          3989            1               999             999    0x2b40e000 2012-05-01 14:22:18 UTC+0000
0xe43a2640 gconfd-2             3992            1               999             999    0x359d9000 2012-05-01 14:22:18 UTC+0000
0xeb580000 gnome-keyring-d      3998            1               999             999    0x2b497000 2012-05-01 14:22:18 UTC+0000
0xeb586600 gnome-settings-      4001            1               999             999    0x2b4a3000 2012-05-01 14:22:18 UTC+0000
0xeb580cc0 gvfsd                4003            1               999             999    0x241ce000 2012-05-01 14:22:18 UTC+0000
0xf59f4c80 bluetooth-apple      4010            3951            999             999    0x242c2000 2012-05-01 14:22:18 UTC+0000
0xeb4b9980 gvfs-fuse-daemo      4012            1               999             999    0x35a21000 2012-05-01 14:22:18 UTC+0000
0xeb4b8000 nm-applet            4013            3951            999             999    0x36b1b000 2012-05-01 14:22:18 UTC+0000
0xeb4bbfc0 polkit-gnome-au      4016            3951            999             999    0x2439c000 2012-05-01 14:22:18 UTC+0000
0xeb4bcc80 gnome-panel          4019            3951            999             999    0x241bc000 2012-05-01 14:22:18 UTC+0000
0xf58c8000 metacity             4022            3951            999             999    0x35a62000 2012-05-01 14:22:19 UTC+0000
0xf58cbfc0 nautilus             4023            3951            999             999    0x35934000 2012-05-01 14:22:19 UTC+0000
0xf58ccc80 gnome-power-man      4024            3951            999             999    0x2b4dd000 2012-05-01 14:22:19 UTC+0000
0xf5961980 pulseaudio           4026            1               999             999    0x2b72b000 2012-05-01 14:22:19 UTC+0000
0xf68f3300 rtkit-daemon         4028            1               111             117    0x2422f000 2012-05-01 14:22:19 UTC+0000
0xf68bb300 polkitd              4032            1               0               0      0x36962000 2012-05-01 14:22:19 UTC+0000
0xf68b1980 upowerd              4043            1               0               0      0x2b799000 2012-05-01 14:22:19 UTC+0000
0xf69b3300 gvfsd-trash          4062            1               999             999    0x24302000 2012-05-01 14:22:19 UTC+0000
0xeb4b8cc0 gconf-helper         4080            4026            999             999    0x2b675000 2012-05-01 14:22:19 UTC+0000
0xf68b9980 bonobo-activati      4086            1               999             999    0x2b443000 2012-05-01 14:22:19 UTC+0000
0xf69b4c80 gvfs-gdu-volume      4096            1               999             999    0x35930000 2012-05-01 14:22:19 UTC+0000
0xe43a1980 udisks-daemon        4099            1               0               0      0x240eb000 2012-05-01 14:22:19 UTC+0000
0xeb585940 udisks-daemon        4101            4099            0               0      0x240f1000 2012-05-01 14:22:19 UTC+0000
0xeb583300 gvfs-gphoto2-vo      4103            1               999             999    0x241be000 2012-05-01 14:22:19 UTC+0000
0xf68bf2c0 wnck-applet          4113            1               999             999    0x24360000 2012-05-01 14:22:19 UTC+0000
0xf68b2640 gvfs-afc-volume      4114            1               999             999    0x241bf000 2012-05-01 14:22:19 UTC+0000
0xf68b3300 trashapplet          4115            1               999             999    0x36873000 2012-05-01 14:22:19 UTC+0000
0xf69b1980 indicator-apple      4121            1               999             999    0x242ba000 2012-05-01 14:22:19 UTC+0000
0xe43a0000 clock-applet         4122            1               999             999    0x35b48000 2012-05-01 14:22:19 UTC+0000
0xf68b8cc0 indicator-apple      4125            1               999             999    0x2407d000 2012-05-01 14:22:19 UTC+0000
0xf68f6600 notification-ar      4126            1               999             999    0x36bf9000 2012-05-01 14:22:19 UTC+0000
0xeb402640 gvfsd-metadata       4134            1               999             999    0x2b5fc000 2012-05-01 14:22:20 UTC+0000
0xeb403300 indicator-me-se      4135            1               999             999    0x2b641000 2012-05-01 14:22:20 UTC+0000
0xeb400000 indicator-sessi      4137            1               999             999    0x35a6b000 2012-05-01 14:22:20 UTC+0000
0xeb406600 indicator-appli      4143            1               999             999    0x359e5000 2012-05-01 14:22:20 UTC+0000
0xeb4072c0 indicator-messa      4144            1               999             999    0x2b58c000 2012-05-01 14:22:20 UTC+0000
0xeb405940 indicator-sound      4146            1               999             999    0x35ba4000 2012-05-01 14:22:20 UTC+0000
0xeb5872c0 gvfsd-burn           4148            1               999             999    0x35862000 2012-05-01 14:22:21 UTC+0000
0xf59f0cc0 gnome-screensav      4150            1               999             999    0x2b7e8000 2012-05-01 14:22:24 UTC+0000
0xf736b300 gdu-notificatio      4156            3951            999             999    0x35a9d000 2012-05-01 14:22:29 UTC+0000
0xf7369980 evolution-alarm      4158            3951            999             999    0x35aa6000 2012-05-01 14:22:52 UTC+0000
0xf7368000 python               4159            3951            999             999    0x2b487000 2012-05-01 14:22:52 UTC+0000
0xeb4bb300 update-notifier      4164            3951            999             999    0x36b27000 2012-05-01 14:23:19 UTC+0000
0xe43a6600 gnome-terminal       4202            1               999             999    0x2b4b0000 2012-05-01 14:41:25 UTC+0000
0xe43a4c80 gnome-pty-helpe      4203            4202            999             999    0x35b08000 2012-05-01 14:41:25 UTC+0000
0xf69b72c0 bash                 4204            4202            999             999    0x35923000 2012-05-01 14:41:25 UTC+0000
0xf68b5940 udevd                4233            988             0               0      0x2b599000 2012-05-01 14:42:57 UTC+0000
0xeb401980 udevd                4234            988             0               0      0x36b3a000 2012-05-01 14:42:57 UTC+0000

Command:'./volatility_2.6_lin64_standalone --plugins=./plugins/ --profile=LinuxUbuntu10043x86 -f ubuntu-10.04.3-i386-LiveCD-kbeast.mem linux_check_syscall'
Table Name Index System Call              Handler Address Symbol                                                      
---------- ----- ------------------------ --------------- ------------------------------------------------------------
32bit          0                          0x00000c015d0c0 sys_restart_syscall                                         
32bit          1                          0x00000c0151520 sys_exit                                                    
32bit          2                          0x00000c0103560 ptregs_fork                                                 
32bit          3                          0x00000f817d870 HOOKED: ipsecs_kbeast_v1/h4x_read                           
32bit          4                          0x00000f817e070 HOOKED: ipsecs_kbeast_v1/h4x_write                          
32bit          5                          0x00000f817e600 HOOKED: ipsecs_kbeast_v1/h4x_open                           
32bit          6                          0x00000c0207dd0 sys_close                                                   
32bit          7                          0x00000c0150be0 sys_waitpid                                                 
32bit          8                          0x00000c0208070 sys_creat                                                   
32bit          9                          0x00000c0216630 sys_link                                                    
32bit         10                          0x00000f817e1c0 HOOKED: ipsecs_kbeast_v1/h4x_unlink                         
32bit         11                          0x00000c0103590 ptregs_execve                                               
32bit         12                          0x00000c0208b00 sys_chdir                                                   
32bit         13                          0x00000c01524f0 sys_time                                                    
32bit         14                          0x00000c0216320 sys_mknod                                                   
32bit         15                          0x00000c0208890 sys_chmod                                                   
32bit         16                          0x00000c017d950 sys_lchown16                                                
32bit         17                          0x00000c0168bc0 compat_sys_mq_timedsend                                     
32bit         18                          0x00000c020e3e0 sys_stat                                                    
32bit         19                          0x00000c020a590 sys_lseek                                                   
32bit         20                          0x00000c015bdb0 sys_getpid                                                  
32bit         21                          0x00000c02243f0 sys_mount                                                   
32bit         22                          0x00000c0222b70 sys_oldumount                                               
32bit         23                          0x00000c017d7f0 sys_setuid16                                                
32bit         24                          0x00000c017d280 sys_getuid16                                                
32bit         25                          0x00000c0152480 sys_stime                                                   
32bit         26                          0x00000c0157c00 sys_ptrace                                                  
32bit         27                          0x00000c015bde0 sys_alarm                                                   
32bit         28                          0x00000c020e4c0 sys_fstat                                                   
32bit         29                          0x00000c015d290 sys_pause                                                   
32bit         30                          0x00000c022ccf0 sys_utime                                                   
32bit         31                          0x00000c0168bc0 compat_sys_mq_timedsend                                     
32bit         32                          0x00000c0168bc0 compat_sys_mq_timedsend                                     
32bit         33                          0x00000c0208d20 sys_access                                                  
32bit         34                          0x00000c0146610 sys_nice                                                    
32bit         35                          0x00000c0168bc0 compat_sys_mq_timedsend                                     
32bit         36                          0x00000c022c850 sys_sync                                                    
32bit         37                          0x00000f817d520 HOOKED: ipsecs_kbeast_v1/h4x_kill                           
32bit         38                          0x00000f817e470 HOOKED: ipsecs_kbeast_v1/h4x_rename                         
32bit         39                          0x00000c02160f0 sys_mkdir                                                   
32bit         40                          0x00000f817e2a0 HOOKED: ipsecs_kbeast_v1/h4x_rmdir                          
32bit         41                          0x00000c0217ca0 sys_dup                                                     
32bit         42                          0x00000c02125a0 sys_pipe                                                    
32bit         43                          0x00000c01616b0 sys_times                                                   
32bit         44                          0x00000c0168bc0 compat_sys_mq_timedsend                                     
32bit         45                          0x00000c01ec330 sys_brk                                                     
32bit         46                          0x00000c017d870 sys_setgid16                                                
32bit         47                          0x00000c017d300 sys_getgid16                                                
32bit         48                          0x00000c015da80 sys_signal                                                  
32bit         49                          0x00000c017d2c0 sys_geteuid16                                               
32bit         50                          0x00000c017d340 sys_getegid16                                               
32bit         51                          0x00000c018a8c0 sys_acct                                                    
32bit         52                          0x00000c0222ac0 sys_umount                                                  
32bit         53                          0x00000c0168bc0 compat_sys_mq_timedsend                                     
32bit         54                          0x00000c0218bb0 sys_ioctl                                                   
32bit         55                          0x00000c0217c30 sys_fcntl                                                   
32bit         56                          0x00000c0168bc0 compat_sys_mq_timedsend                                     
32bit         57                          0x00000c0161490 sys_setpgid                                                 
32bit         58                          0x00000c0168bc0 compat_sys_mq_timedsend                                     
32bit         59                          0x00000c0107430 sys_olduname                                                
32bit         60                          0x00000c0160640 sys_umask                                                   
32bit         61                          0x00000c02089d0 sys_chroot                                                  
32bit         62                          0x00000c020c4f0 sys_ustat                                                   
32bit         63                          0x00000c0217e30 sys_dup2                                                    
32bit         64                          0x00000c015bd80 sys_getppid                                                 
32bit         65                          0x00000c0161470 sys_getpgrp                                                 
32bit         66                          0x00000c01612e0 sys_setsid                                                  
32bit         67                          0x00000c0102500 sys_sigaction                                               
32bit         68                          0x00000c015d0f0 sys_sgetmask                                                
32bit         69                          0x00000c015d120 sys_ssetmask                                                
32bit         70                          0x00000c017d820 sys_setreuid16                                              
32bit         71                          0x00000c017d8a0 sys_setregid16                                              
32bit         72                          0x00000c0102620 sys_sigsuspend                                              
32bit         73                          0x00000c015d430 sys_sigpending                                              
32bit         74                          0x00000c0161140 sys_sethostname                                             
32bit         75                          0x00000c0160de0 sys_setrlimit                                               
32bit         76                          0x00000c0160f00 sys_old_getrlimit                                           
32bit         77                          0x00000c0160db0 sys_getrusage                                               
32bit         78                          0x00000c0152410 sys_gettimeofday                                            
32bit         79                          0x00000c0152370 sys_settimeofday                                            
32bit         80                          0x00000c017d470 sys_getgroups16                                             
32bit         81                          0x00000c017d380 sys_setgroups16                                             
32bit         82                          0x00000c0107360 old_select                                                  
32bit         83                          0x00000c0216460 sys_symlink                                                 
32bit         84                          0x00000c020e320 sys_lstat                                                   
32bit         85                          0x00000c020df30 sys_readlink                                                
32bit         86                          0x00000c0210610 sys_uselib                                                  
32bit         87                          0x00000c01f44c0 sys_swapon                                                  
32bit         88                          0x00000c0162220 sys_reboot                                                  
32bit         89                          0x00000c0219180 sys_old_readdir                                             
32bit         90                          0x00000c01073c0 old_mmap                                                    
32bit         91                          0x00000c01ebff0 sys_munmap                                                  
32bit         92                          0x00000c0209340 sys_truncate                                                
32bit         93                          0x00000c0209160 sys_ftruncate                                               
32bit         94                          0x00000c02088c0 sys_fchmod                                                  
32bit         95                          0x00000c017d8f0 sys_fchown16                                                
32bit         96                          0x00000c0162440 sys_getpriority                                             
32bit         97                          0x00000c0162700 sys_setpriority                                             
32bit         98                          0x00000c0168bc0 compat_sys_mq_timedsend                                     
32bit         99                          0x00000c0209690 sys_statfs                                                  
32bit        100                          0x00000c0209620 sys_fstatfs                                                 
32bit        101                          0x00000c0105f70 sys_ioperm                                                  
32bit        102                          0x00000c04b8230 sys_socketcall                                              
32bit        103                          0x00000c014e6c0 sys_syslog                                                  
32bit        104                          0x00000c0151a00 sys_setitimer                                               
32bit        105                          0x00000c0151d10 sys_getitimer                                               
32bit        106                          0x00000c020e3b0 sys_newstat                                                 
32bit        107                          0x00000c020e2f0 sys_newlstat                                                
32bit        108                          0x00000c020e490 sys_newfstat                                                
32bit        109                          0x00000c01070b0 sys_uname                                                   
32bit        110                          0x00000c0103550 ptregs_iopl                                                 
32bit        111                          0x00000c0207c60 sys_vhangup                                                 
32bit        112                          0x00000c0168bc0 compat_sys_mq_timedsend                                     
32bit        113                          0x00000c01035e0 ptregs_vm86old                                              
32bit        114                          0x00000c0150b20 sys_wait4                                                   
32bit        115                          0x00000c01f6050 sys_swapoff                                                 
32bit        116                          0x00000c015bbe0 sys_sysinfo                                                 
32bit        117                          0x00000c0107110 sys_ipc                                                     
32bit        118                          0x00000c022c610 sys_fsync                                                   
32bit        119                          0x00000c01035b0 ptregs_sigreturn                                            
32bit        120                          0x00000c0103570 ptregs_clone                                                
32bit        121                          0x00000c0161050 sys_setdomainname                                           
32bit        122                          0x00000c0161290 sys_newuname                                                
32bit        123                          0x00000c01065a0 sys_modify_ldt                                              
32bit        124                          0x00000c01521e0 sys_adjtimex                                                
32bit        125                          0x00000c01ed1b0 sys_mprotect                                                
32bit        126                          0x00000c015d470 sys_sigprocmask                                             
32bit        127                          0x00000c0168bc0 compat_sys_mq_timedsend                                     
32bit        128                          0x00000c01831b0 sys_init_module                                             
32bit        129                          0x00000f817e6f0 HOOKED: ipsecs_kbeast_v1/h4x_delete_module                  
32bit        130                          0x00000c0168bc0 compat_sys_mq_timedsend                                     
32bit        131                          0x00000c024d1c0 sys_quotactl                                                
32bit        132                          0x00000c0161400 sys_getpgid                                                 
32bit        133                          0x00000c0208a80 sys_fchdir                                                  
32bit        134                          0x00000c022d5e0 sys_bdflush                                                 
32bit        135                          0x00000c02212f0 sys_sysfs                                                   
32bit        136                          0x00000c014cd90 sys_personality                                             
32bit        137                          0x00000c0168bc0 compat_sys_mq_timedsend                                     
32bit        138                          0x00000c017d6c0 sys_setfsuid16                                              
32bit        139                          0x00000c017d690 sys_setfsgid16                                              
32bit        140                          0x00000c020a170 sys_llseek                                                  
32bit        141                          0x00000c02190b0 sys_getdents                                                
32bit        142                          0x00000c021a8b0 sys_select                                                  
32bit        143                          0x00000c0243610 sys_flock                                                   
32bit        144                          0x00000c01edf40 sys_msync                                                   
32bit        145                          0x00000c020af10 sys_readv                                                   
32bit        146                          0x00000c020ad60 sys_writev                                                  
32bit        147                          0x00000c0161390 sys_getsid                                                  
32bit        148                          0x00000c022c5f0 sys_fdatasync                                               
32bit        149                          0x00000c0156c30 sys_sysctl                                                  
32bit        150                          0x00000c01e9db0 sys_mlock                                                   
32bit        151                          0x00000c01e9d50 sys_munlock                                                 
32bit        152                          0x00000c01e9bc0 sys_mlockall                                                
32bit        153                          0x00000c01e9b70 sys_munlockall                                              
32bit        154                          0x00000c0145050 sys_sched_setparam                                          
32bit        155                          0x00000c013dda0 sys_sched_getparam                                          
32bit        156                          0x00000c0145070 sys_sched_setscheduler                                      
32bit        157                          0x00000c013de20 sys_sched_getscheduler                                      
32bit        158                          0x00000c014a610 sys_sched_yield                                             
32bit        159                          0x00000c01339e0 sys_sched_get_priority_max                                  
32bit        160                          0x00000c0133a00 sys_sched_get_priority_min                                  
32bit        161                          0x00000c013dc10 sys_sched_rr_get_interval                                   
32bit        162                          0x00000c016ccf0 sys_nanosleep                                               
32bit        163                          0x00000c01edee0 sys_mremap                                                  
32bit        164                          0x00000c017d770 sys_setresuid16                                             
32bit        165                          0x00000c017d5e0 sys_getresuid16                                             
32bit        166                          0x00000c01035d0 ptregs_vm86                                                 
32bit        167                          0x00000c0168bc0 compat_sys_mq_timedsend                                     
32bit        168                          0x00000c021a330 sys_poll                                                    
32bit        169                          0x00000c0244300 sys_nfsservctl                                              
32bit        170                          0x00000c017d6f0 sys_setresgid16                                             
32bit        171                          0x00000c017d530 sys_getresgid16                                             
32bit        172                          0x00000c01607d0 sys_prctl                                                   
32bit        173                          0x00000c01035c0 ptregs_rt_sigreturn                                         
32bit        174                          0x00000c015dac0 sys_rt_sigaction                                            
32bit        175                          0x00000c015d590 sys_rt_sigprocmask                                          
32bit        176                          0x00000c015d450 sys_rt_sigpending                                           
32bit        177                          0x00000c015e940 sys_rt_sigtimedwait                                         
32bit        178                          0x00000c015f400 sys_rt_sigqueueinfo                                         
32bit        179                          0x00000c015d2b0 sys_rt_sigsuspend                                           
32bit        180                          0x00000c020a910 sys_pread64                                                 
32bit        181                          0x00000c020a890 sys_pwrite64                                                
32bit        182                          0x00000c017d9b0 sys_chown16                                                 
32bit        183                          0x00000c021bbc0 sys_getcwd                                                  
32bit        184                          0x00000c0157370 sys_capget                                                  
32bit        185                          0x00000c01571e0 sys_capset                                                  
32bit        186                          0x00000c01035a0 ptregs_sigaltstack                                          
32bit        187                          0x00000c020a4e0 sys_sendfile                                                
32bit        188                          0x00000c0168bc0 compat_sys_mq_timedsend                                     
32bit        189                          0x00000c0168bc0 compat_sys_mq_timedsend                                     
32bit        190                          0x00000c0103580 ptregs_vfork                                                
32bit        191                          0x00000c0160fc0 sys_getrlimit                                               
32bit        192                          0x00000c01e0940 sys_mmap_pgoff                                              
32bit        193                          0x00000c0209320 sys_truncate64                                              
32bit        194                          0x00000c0209120 sys_ftruncate64                                             
32bit        195                          0x00000c020e380 sys_stat64                                                  
32bit        196                          0x00000c020e2c0 sys_lstat64                                                 
32bit        197                          0x00000c020e460 sys_fstat64                                                 
32bit        198                          0x00000c0208600 sys_lchown                                                  
32bit        199                          0x00000c0158590 sys_getuid                                                  
32bit        200                          0x00000c01585d0 sys_getgid                                                  
32bit        201                          0x00000c01585b0 sys_geteuid                                                 
32bit        202                          0x00000c01585f0 sys_getegid                                                 
32bit        203                          0x00000c0161e90 sys_setreuid                                                
32bit        204                          0x00000c01619d0 sys_setregid                                                
32bit        205                          0x00000c016fc30 sys_getgroups                                               
32bit        206                          0x00000c016fed0 sys_setgroups                                               
32bit        207                          0x00000c0208580 sys_fchown                                                  
32bit        208                          0x00000c0161c50 sys_setresuid                                               
32bit        209                          0x00000c0160760 sys_getresuid                                               
32bit        210                          0x00000c01617e0 sys_setresgid                                               
32bit        211                          0x00000c01606f0 sys_getresgid                                               
32bit        212                          0x00000c0208720 sys_chown                                                   
32bit        213                          0x00000c0161db0 sys_setuid                                                  
32bit        214                          0x00000c0161920 sys_setgid                                                  
32bit        215                          0x00000c0161ae0 sys_setfsuid                                                
32bit        216                          0x00000c0161710 sys_setfsgid                                                
32bit        217                          0x00000c02232b0 sys_pivot_root                                              
32bit        218                          0x00000c01e91f0 sys_mincore                                                 
32bit        219                          0x00000c01e42a0 sys_madvise                                                 
32bit        220                          0x00000f817e7c0 HOOKED: ipsecs_kbeast_v1/h4x_getdents64                     
32bit        221                          0x00000c0217b70 sys_fcntl64                                                 
32bit        222                          0x00000c0168bc0 compat_sys_mq_timedsend                                     
32bit        223                          0x00000c0168bc0 compat_sys_mq_timedsend                                     
32bit        224                          0x00000c015bc40 sys_gettid                                                  
32bit        225                          0x00000c01cb940 sys_readahead                                               
32bit        226                          0x00000c0226820 sys_setxattr                                                
32bit        227                          0x00000c0226790 sys_lsetxattr                                               
32bit        228                          0x00000c02266e0 sys_fsetxattr                                               
32bit        229                          0x00000c0226080 sys_getxattr                                                
32bit        230                          0x00000c0226020 sys_lgetxattr                                               
32bit        231                          0x00000c02262f0 sys_fgetxattr                                               
32bit        232                          0x00000c02261f0 sys_listxattr                                               
32bit        233                          0x00000c02261a0 sys_llistxattr                                              
32bit        234                          0x00000c0226360 sys_flistxattr                                              
32bit        235                          0x00000c0225c90 sys_removexattr                                             
32bit        236                          0x00000c0225c10 sys_lremovexattr                                            
32bit        237                          0x00000c0226250 sys_fremovexattr                                            
32bit        238                          0x00000c015f250 sys_tkill                                                   
32bit        239                          0x00000c020a430 sys_sendfile64                                              
32bit        240                          0x00000c017bb30 sys_futex                                                   
32bit        241                          0x00000c014a3e0 sys_sched_setaffinity                                       
32bit        242                          0x00000c013dd20 sys_sched_getaffinity                                       
32bit        243                          0x00000c010d220 sys_set_thread_area                                         
32bit        244                          0x00000c010d120 sys_get_thread_area                                         
32bit        245                          0x00000c02404e0 sys_io_setup                                                
32bit        246                          0x00000c0240070 sys_io_destroy                                              
32bit        247                          0x00000c0240c80 sys_io_getevents                                            
32bit        248                          0x00000c0241220 sys_io_submit                                               
32bit        249                          0x00000c023f9a0 sys_io_cancel                                               
32bit        250                          0x00000c01cf3d0 sys_fadvise64                                               
32bit        251                          0x00000c0168bc0 compat_sys_mq_timedsend                                     
32bit        252                          0x00000c0151500 sys_exit_group                                              
32bit        253                          0x00000c0263e90 sys_lookup_dcookie                                          
32bit        254                          0x00000c023d820 sys_epoll_create                                            
32bit        255                          0x00000c023d3d0 sys_epoll_ctl                                               
32bit        256                          0x00000c023cf50 sys_epoll_wait                                              
32bit        257                          0x00000c01e3440 sys_remap_file_pages                                        
32bit        258                          0x00000c014ae80 sys_set_tid_address                                         
32bit        259                          0x00000c0167820 sys_timer_create                                            
32bit        260                          0x00000c0168070 sys_timer_settime                                           
32bit        261                          0x00000c0167770 sys_timer_gettime                                           
32bit        262                          0x00000c01675d0 sys_timer_getoverrun                                        
32bit        263                          0x00000c0167e00 sys_timer_delete                                            
32bit        264                          0x00000c0167350 sys_clock_settime                                           
32bit        265                          0x00000c01672b0 sys_clock_gettime                                           
32bit        266                          0x00000c0167200 sys_clock_getres                                            
32bit        267                          0x00000c0167120 sys_clock_nanosleep                                         
32bit        268                          0x00000c02094a0 sys_statfs64                                                
32bit        269                          0x00000c0209420 sys_fstatfs64                                               
32bit        270                          0x00000c015f270 sys_tgkill                                                  
32bit        271                          0x00000c022cc50 sys_utimes                                                  
32bit        272                          0x00000c01cf1b0 sys_fadvise64_64                                            
32bit        273                          0x00000c0168bc0 compat_sys_mq_timedsend                                     
32bit        274                          0x00000c0168bc0 compat_sys_mq_timedsend                                     
32bit        275                          0x00000c0168bc0 compat_sys_mq_timedsend                                     
32bit        276                          0x00000c0168bc0 compat_sys_mq_timedsend                                     
32bit        277                          0x00000c02efc60 sys_mq_open                                                 
32bit        278                          0x00000c02ef230 sys_mq_unlink                                               
32bit        279                          0x00000c02ef910 sys_mq_timedsend                                            
32bit        280                          0x00000c02ef590 sys_mq_timedreceive                                         
32bit        281                          0x00000c02eebc0 sys_mq_notify                                               
32bit        282                          0x00000c02eea40 sys_mq_getsetattr                                           
32bit        283                          0x00000c018bb30 sys_kexec_load                                              
32bit        284                          0x00000c0150c10 sys_waitid                                                  
32bit        285                          0x00000c0168bc0 compat_sys_mq_timedsend                                     
32bit        286                          0x00000c02f39c0 sys_add_key                                                 
32bit        287                          0x00000c02f37b0 sys_request_key                                             
32bit        288                          0x00000c02f3d00 sys_keyctl                                                  
32bit        289                          0x00000c02380d0 sys_ioprio_set                                              
32bit        290                          0x00000c0237cf0 sys_ioprio_get                                              
32bit        291                          0x00000c023c4a0 sys_inotify_init                                            
32bit        292                          0x00000c023c220 sys_inotify_add_watch                                       
32bit        293                          0x00000c023be60 sys_inotify_rm_watch                                        
32bit        294                          0x00000c0168bc0 compat_sys_mq_timedsend                                     
32bit        295                          0x00000c0207ff0 sys_openat                                                  
32bit        296                          0x00000c0215ff0 sys_mkdirat                                                 
32bit        297                          0x00000c0216120 sys_mknodat                                                 
32bit        298                          0x00000c0208680 sys_fchownat                                                
32bit        299                          0x00000c022cbd0 sys_futimesat                                               
32bit        300                          0x00000c020e250 sys_fstatat64                                               
32bit        301                          0x00000f817e380 HOOKED: ipsecs_kbeast_v1/h4x_unlinkat                       
32bit        302                          0x00000c0215a90 sys_renameat                                                
32bit        303                          0x00000c0216510 sys_linkat                                                  
32bit        304                          0x00000c0216350 sys_symlinkat                                               
32bit        305                          0x00000c020de90 sys_readlinkat                                              
32bit        306                          0x00000c02087b0 sys_fchmodat                                                
32bit        307                          0x00000c0208b90 sys_faccessat                                               
32bit        308                          0x00000c021a830 sys_pselect6                                                
32bit        309                          0x00000c021a210 sys_ppoll                                                   
32bit        310                          0x00000c014b4c0 sys_unshare                                                 
32bit        311                          0x00000c0178e70 sys_set_robust_list                                         
32bit        312                          0x00000c0179320 sys_get_robust_list                                         
32bit        313                          0x00000c022b830 sys_splice                                                  
32bit        314                          0x00000c022c2a0 sys_sync_file_range                                         
32bit        315                          0x00000c022bf80 sys_tee                                                     
32bit        316                          0x00000c022b900 sys_vmsplice                                                
32bit        317                          0x00000c0168bc0 compat_sys_mq_timedsend                                     
32bit        318                          0x00000c0160680 sys_getcpu                                                  
32bit        319                          0x00000c023d000 sys_epoll_pwait                                             
32bit        320                          0x00000c022cc80 sys_utimensat                                               
32bit        321                          0x00000c023e250 sys_signalfd                                                
32bit        322                          0x00000c023e5e0 sys_timerfd_create                                          
32bit        323                          0x00000c023f260 sys_eventfd                                                 
32bit        324                          0x00000c0208e70 sys_fallocate                                               
32bit        325                          0x00000c023e380 sys_timerfd_settime                                         
32bit        326                          0x00000c023e6e0 sys_timerfd_gettime                                         
32bit        327                          0x00000c023e090 sys_signalfd4                                               
32bit        328                          0x00000c023f200 sys_eventfd2                                                
32bit        329                          0x00000c023d7a0 sys_epoll_create1                                           
32bit        330                          0x00000c0217d00 sys_dup3                                                    
32bit        331                          0x00000c0212540 sys_pipe2                                                   
32bit        332                          0x00000c023c320 sys_inotify_init1                                           
32bit        333                          0x00000c020ae60 sys_preadv                                                  
32bit        334                          0x00000c020acb0 sys_pwritev                                                 
32bit        335                          0x00000c015f170 sys_rt_tgsigqueueinfo                                       
32bit        336                          0x00000c01ca750 sys_perf_event_open                                         

Command : './volatility_2.6_lin64_standalone --plugins=./plugins/ --profile=LinuxUbuntu10043x86 -f ubuntu-10.04.3-i386-LiveCD-kbeast.mem linux_netstat'
UNIX 4383                  init/1     
UNIX 18284                 init/1     
UNIX 4518                  init/1     
UNIX 6403                  init/1     
UNIX 4491       upstart-udev-br/972   
UNIX 4596              rsyslogd/982   /dev/log
UNIX 4536                 udevd/988   
UNIX 4568                 udevd/988   
UNIX 4569                 udevd/988   
UNIX 6008                 login/1375  
UNIX 6009                 login/1375  
UNIX 6005                 login/1380  
UNIX 6006                 login/1380  
UNIX 6011                 login/1398  
UNIX 6012                 login/1398  
UNIX 6014                 login/1402  
UNIX 6015                 login/1402  
UNIX 6024                 login/1407  
UNIX 6025                 login/1407  
UNIX 5742                 acpid/1410  /var/run/acpid.socket
UNIX 18353                acpid/1410  /var/run/acpid.socket
UNIX 5757                 acpid/1410  
UNIX 9402                 acpid/1410  /var/run/acpid.socket
TCP      ::1             :  631 ::              :    0 LISTEN                      cupsd/1561 
TCP      127.0.0.1       :  631 0.0.0.0         :    0 LISTEN                      cupsd/1561 
UNIX 5960                 cupsd/1561  /var/run/cups/cups.sock
UNIX 18286           gdm-binary/1833  
UNIX 6654            gdm-binary/1833  
UNIX 7331                 login/2188  
UNIX 7332                 login/2188  
UNIX 18287                 hald/2441  
UNIX 8620                  hald/2441  
UNIX 8625                  hald/2441  
UNIX 8653                  hald/2441  
UNIX 8950                  hald/2441  
UNIX 9393                  hald/2441  
UNIX 9330                  hald/2441  
UNIX 9396                  hald/2441  
UNIX 8652           hald-runner/2442  
UNIX 9207       hald-addon-inpu/2504  
UNIX 9365       hald-addon-stor/2513  
UNIX 9395       hald-addon-acpi/2516  
UNIX 9401       hald-addon-acpi/2516  
UNIX 17975             dhclient/3771  
UDP      0.0.0.0         :   68 0.0.0.0         :    0                          dhclient/3771 
UNIX 18278          dbus-daemon/3863  /var/run/dbus/system_bus_socket
UNIX 18282          dbus-daemon/3863  
UNIX 18283          dbus-daemon/3863  
UNIX 18285          dbus-daemon/3863  /var/run/dbus/system_bus_socket
UNIX 18288          dbus-daemon/3863  /var/run/dbus/system_bus_socket
UNIX 18289          dbus-daemon/3863  /var/run/dbus/system_bus_socket
UNIX 18313          dbus-daemon/3863  /var/run/dbus/system_bus_socket
UNIX 18423          dbus-daemon/3863  /var/run/dbus/system_bus_socket
UNIX 18478          dbus-daemon/3863  /var/run/dbus/system_bus_socket
UNIX 18447          dbus-daemon/3863  /var/run/dbus/system_bus_socket
UNIX 18922          dbus-daemon/3863  /var/run/dbus/system_bus_socket
UNIX 18471          dbus-daemon/3863  /var/run/dbus/system_bus_socket
UNIX 18933          dbus-daemon/3863  /var/run/dbus/system_bus_socket
UNIX 19490          dbus-daemon/3863  /var/run/dbus/system_bus_socket
UNIX 19717          dbus-daemon/3863  /var/run/dbus/system_bus_socket
UNIX 19519          dbus-daemon/3863  /var/run/dbus/system_bus_socket
UNIX 19566          dbus-daemon/3863  /var/run/dbus/system_bus_socket
UNIX 19688          dbus-daemon/3863  /var/run/dbus/system_bus_socket
UNIX 19602          dbus-daemon/3863  /var/run/dbus/system_bus_socket
UNIX 19613          dbus-daemon/3863  /var/run/dbus/system_bus_socket
UNIX 19617          dbus-daemon/3863  /var/run/dbus/system_bus_socket
UNIX 19622          dbus-daemon/3863  /var/run/dbus/system_bus_socket
UNIX 19820          dbus-daemon/3863  /var/run/dbus/system_bus_socket
UNIX 19705          dbus-daemon/3863  /var/run/dbus/system_bus_socket
UNIX 19707          dbus-daemon/3863  /var/run/dbus/system_bus_socket
UNIX 19993          dbus-daemon/3863  /var/run/dbus/system_bus_socket
UNIX 20040          dbus-daemon/3863  /var/run/dbus/system_bus_socket
UNIX 20006          dbus-daemon/3863  /var/run/dbus/system_bus_socket
UNIX 20550          dbus-daemon/3863  /var/run/dbus/system_bus_socket
UNIX 20576          dbus-daemon/3863  /var/run/dbus/system_bus_socket
UNIX 21218          dbus-daemon/3863  /var/run/dbus/system_bus_socket
UNIX 21308          dbus-daemon/3863  /var/run/dbus/system_bus_socket
UNIX 20735          dbus-daemon/3863  /var/run/dbus/system_bus_socket
UNIX 20847          dbus-daemon/3863  /var/run/dbus/system_bus_socket
UNIX 18312      gdm-simple-slav/3865  
UNIX 18355      gdm-simple-slav/3865  
UNIX 18404      gdm-simple-slav/3865  
UNIX 18427      gdm-simple-slav/3865  
UNIX 18428      gdm-simple-slav/3865  
UNIX 18349                 Xorg/3867  
UNIX 18350                 Xorg/3867  /tmp/.X11-unix/X1
UNIX 18352                 Xorg/3867  
UNIX 18356                 Xorg/3867  
UNIX 18429                 Xorg/3867  
UNIX 18623                 Xorg/3867  
UNIX 18636                 Xorg/3867  
UNIX 18642                 Xorg/3867  
UNIX 19076                 Xorg/3867  
UNIX 19321                 Xorg/3867  
UNIX 20844                 Xorg/3867  
UNIX 19480                 Xorg/3867  
UNIX 19483                 Xorg/3867  
UNIX 19538                 Xorg/3867  
UNIX 19560                 Xorg/3867  
UNIX 19562                 Xorg/3867  
UNIX 20362                 Xorg/3867  
UNIX 20154                 Xorg/3867  
UNIX 20164                 Xorg/3867  
UNIX 20342                 Xorg/3867  
UNIX 20346                 Xorg/3867  
UNIX 20353                 Xorg/3867  
UNIX 20354                 Xorg/3867  
UNIX 20721                 Xorg/3867  
UNIX 20779                 Xorg/3867  
UNIX 21188                 Xorg/3867  
UNIX 21212                 Xorg/3867  
UNIX 21294                 Xorg/3867  
UNIX 21576                 Xorg/3867  
UNIX 18422      gdm-session-wor/3876  
UNIX 18426      gdm-session-wor/3876  
UNIX 18433      gdm-session-wor/3876  
UNIX 18477      gdm-session-wor/3876  
UNIX 18446      console-kit-dae/3878  
UNIX 18470      console-kit-dae/3878  
UNIX 18641        gnome-session/3951  
UNIX 18644        gnome-session/3951  
UNIX 18662        gnome-session/3951  
UNIX 18663        gnome-session/3951  /tmp/.ICE-unix/3951
UNIX 18925        gnome-session/3951  
UNIX 18927        gnome-session/3951  /tmp/orbit-ubuntu/linc-f6f-0-7ff9f57a79863
UNIX 18930        gnome-session/3951  /tmp/orbit-ubuntu/linc-f6f-0-7ff9f57a79863
UNIX 18932        gnome-session/3951  
UNIX 19624        gnome-session/3951  
UNIX 19902        gnome-session/3951  
UNIX 20485        gnome-session/3951  
UNIX 20808        gnome-session/3951  
UNIX 21193        gnome-session/3951  
UNIX 21579        gnome-session/3951  
UNIX 18620            ssh-agent/3985  /tmp/ssh-lDRvmU3951/agent.3951
UNIX 18622          dbus-launch/3988  
UNIX 18635          dbus-launch/3988  
UNIX 18633          dbus-daemon/3989  
UNIX 18637          dbus-daemon/3989  
UNIX 18638          dbus-daemon/3989  
UNIX 18645          dbus-daemon/3989  
UNIX 19079          dbus-daemon/3989  
UNIX 18685          dbus-daemon/3989  
UNIX 18995          dbus-daemon/3989  
UNIX 19094          dbus-daemon/3989  
UNIX 19284          dbus-daemon/3989  
UNIX 19100          dbus-daemon/3989  
UNIX 19289          dbus-daemon/3989  
UNIX 19541          dbus-daemon/3989  
UNIX 19635          dbus-daemon/3989  
UNIX 19600          dbus-daemon/3989  
UNIX 19639          dbus-daemon/3989  
UNIX 19644          dbus-daemon/3989  
UNIX 19739          dbus-daemon/3989  
UNIX 19690          dbus-daemon/3989  
UNIX 19743          dbus-daemon/3989  
UNIX 19765          dbus-daemon/3989  
UNIX 19768          dbus-daemon/3989  
UNIX 19791          dbus-daemon/3989  
UNIX 19795          dbus-daemon/3989  
UNIX 19866          dbus-daemon/3989  
UNIX 19976          dbus-daemon/3989  
UNIX 20380          dbus-daemon/3989  
UNIX 19987          dbus-daemon/3989  
UNIX 20055          dbus-daemon/3989  
UNIX 20032          dbus-daemon/3989  
UNIX 20045          dbus-daemon/3989  
UNIX 20108          dbus-daemon/3989  
UNIX 20060          dbus-daemon/3989  
UNIX 20065          dbus-daemon/3989  
UNIX 20387          dbus-daemon/3989  
UNIX 20394          dbus-daemon/3989  
UNIX 20396          dbus-daemon/3989  
UNIX 20422          dbus-daemon/3989  
UNIX 20439          dbus-daemon/3989  
UNIX 20447          dbus-daemon/3989  
UNIX 20460          dbus-daemon/3989  
UNIX 20473          dbus-daemon/3989  
UNIX 20505          dbus-daemon/3989  
UNIX 20507          dbus-daemon/3989  
UNIX 20523          dbus-daemon/3989  
UNIX 20530          dbus-daemon/3989  
UNIX 20566          dbus-daemon/3989  
UNIX 20519          dbus-daemon/3989  
UNIX 20545          dbus-daemon/3989  
UNIX 21195          dbus-daemon/3989  
UNIX 20571          dbus-daemon/3989  
UNIX 20574          dbus-daemon/3989  
UNIX 20601          dbus-daemon/3989  
UNIX 20603          dbus-daemon/3989  
UNIX 20628          dbus-daemon/3989  
UNIX 20652          dbus-daemon/3989  
UNIX 20634          dbus-daemon/3989  
UNIX 20614          dbus-daemon/3989  
UNIX 20673          dbus-daemon/3989  
UNIX 20616          dbus-daemon/3989  
UNIX 20724          dbus-daemon/3989  
UNIX 20851          dbus-daemon/3989  
UNIX 21215          dbus-daemon/3989  
UNIX 21297          dbus-daemon/3989  
UNIX 21337          dbus-daemon/3989  
UNIX 21435          dbus-daemon/3989  
UNIX 21581          dbus-daemon/3989  
UNIX 21592          dbus-daemon/3989  
UNIX 18682             gconfd-2/3992  /tmp/orbit-ubuntu/linc-f98-0-5646f0276a23
UNIX 18684             gconfd-2/3992  
UNIX 18921             gconfd-2/3992  
UNIX 21198             gconfd-2/3992  /tmp/orbit-ubuntu/linc-f98-0-5646f0276a23
UNIX 18926             gconfd-2/3992  /tmp/orbit-ubuntu/linc-f98-0-5646f0276a23
UNIX 18929             gconfd-2/3992  
UNIX 19086             gconfd-2/3992  /tmp/orbit-ubuntu/linc-f98-0-5646f0276a23
UNIX 19089             gconfd-2/3992  
UNIX 19606             gconfd-2/3992  /tmp/orbit-ubuntu/linc-f98-0-5646f0276a23
UNIX 19609             gconfd-2/3992  
UNIX 19628             gconfd-2/3992  /tmp/orbit-ubuntu/linc-f98-0-5646f0276a23
UNIX 19631             gconfd-2/3992  
UNIX 19651             gconfd-2/3992  /tmp/orbit-ubuntu/linc-f98-0-5646f0276a23
UNIX 19656             gconfd-2/3992  
UNIX 19661             gconfd-2/3992  /tmp/orbit-ubuntu/linc-f98-0-5646f0276a23
UNIX 19667             gconfd-2/3992  /tmp/orbit-ubuntu/linc-f98-0-5646f0276a23
UNIX 19668             gconfd-2/3992  
UNIX 19672             gconfd-2/3992  
UNIX 19874             gconfd-2/3992  /tmp/orbit-ubuntu/linc-f98-0-5646f0276a23
UNIX 19877             gconfd-2/3992  
UNIX 20383             gconfd-2/3992  /tmp/orbit-ubuntu/linc-f98-0-5646f0276a23
UNIX 20384             gconfd-2/3992  
UNIX 20390             gconfd-2/3992  /tmp/orbit-ubuntu/linc-f98-0-5646f0276a23
UNIX 20391             gconfd-2/3992  
UNIX 20427             gconfd-2/3992  /tmp/orbit-ubuntu/linc-f98-0-5646f0276a23
UNIX 20430             gconfd-2/3992  
UNIX 20450             gconfd-2/3992  /tmp/orbit-ubuntu/linc-f98-0-5646f0276a23
UNIX 20451             gconfd-2/3992  
UNIX 20463             gconfd-2/3992  /tmp/orbit-ubuntu/linc-f98-0-5646f0276a23
UNIX 20464             gconfd-2/3992  
UNIX 20476             gconfd-2/3992  /tmp/orbit-ubuntu/linc-f98-0-5646f0276a23
UNIX 20477             gconfd-2/3992  
UNIX 20481             gconfd-2/3992  /tmp/orbit-ubuntu/linc-f98-0-5646f0276a23
UNIX 20482             gconfd-2/3992  
UNIX 20534             gconfd-2/3992  /tmp/orbit-ubuntu/linc-f98-0-5646f0276a23
UNIX 20537             gconfd-2/3992  
UNIX 20560             gconfd-2/3992  /tmp/orbit-ubuntu/linc-f98-0-5646f0276a23
UNIX 20563             gconfd-2/3992  
UNIX 20729             gconfd-2/3992  /tmp/orbit-ubuntu/linc-f98-0-5646f0276a23
UNIX 20732             gconfd-2/3992  
UNIX 21201             gconfd-2/3992  
UNIX 21586             gconfd-2/3992  /tmp/orbit-ubuntu/linc-f98-0-5646f0276a23
UNIX 21302             gconfd-2/3992  /tmp/orbit-ubuntu/linc-f98-0-5646f0276a23
UNIX 21305             gconfd-2/3992  
UNIX 21589             gconfd-2/3992  
UNIX 18994      gnome-keyring-d/3998  
UNIX 19029      gnome-keyring-d/3998  /tmp/keyring-03BWvM/control
UNIX 19060      gnome-keyring-d/3998  /tmp/keyring-03BWvM/pkcs11
UNIX 19072      gnome-keyring-d/3998  /tmp/keyring-03BWvM/ssh
UNIX 19075      gnome-settings-/4001  
UNIX 19880      gnome-settings-/4001  
UNIX 19078      gnome-settings-/4001  
UNIX 19085      gnome-settings-/4001  
UNIX 19087      gnome-settings-/4001  /tmp/orbit-ubuntu/linc-fa1-0-7f6162098c5aa
UNIX 19090      gnome-settings-/4001  /tmp/orbit-ubuntu/linc-fa1-0-7f6162098c5aa
UNIX 19093      gnome-settings-/4001  
UNIX 20031      gnome-settings-/4001  
UNIX 19099                gvfsd/4003  
UNIX 19320      bluetooth-apple/4010  
UNIX 19540      bluetooth-apple/4010  
UNIX 19601      bluetooth-apple/4010  
UNIX 19605      bluetooth-apple/4010  
UNIX 19607      bluetooth-apple/4010  /tmp/orbit-ubuntu/linc-faa-0-5ea2f160c0069
UNIX 19610      bluetooth-apple/4010  /tmp/orbit-ubuntu/linc-faa-0-5ea2f160c0069
UNIX 19283      gvfs-fuse-daemo/4012  
UNIX 19288      gvfs-fuse-daemo/4012  
UNIX 19482            nm-applet/4013  
UNIX 19643            nm-applet/4013  
UNIX 19660            nm-applet/4013  
UNIX 19662            nm-applet/4013  /tmp/orbit-ubuntu/linc-fad-0-f004e64cce32
UNIX 19669            nm-applet/4013  /tmp/orbit-ubuntu/linc-fad-0-f004e64cce32
UNIX 19706            nm-applet/4013  
UNIX 19742            nm-applet/4013  
UNIX 19479      polkit-gnome-au/4016  
UNIX 19565      polkit-gnome-au/4016  
UNIX 19537          gnome-panel/4019  
UNIX 19599          gnome-panel/4019  
UNIX 19621          gnome-panel/4019  
UNIX 19627          gnome-panel/4019  
UNIX 19629          gnome-panel/4019  /tmp/orbit-ubuntu/linc-fb3-0-64666762c557f
UNIX 19632          gnome-panel/4019  /tmp/orbit-ubuntu/linc-fb3-0-64666762c557f
UNIX 19764          gnome-panel/4019  
UNIX 19901          gnome-panel/4019  
UNIX 20057          gnome-panel/4019  
UNIX 20063          gnome-panel/4019  /tmp/orbit-ubuntu/linc-fb3-0-64666762c557f
UNIX 20064          gnome-panel/4019  
UNIX 20490          gnome-panel/4019  
UNIX 20491          gnome-panel/4019  
UNIX 20492          gnome-panel/4019  
UNIX 20493          gnome-panel/4019  
UNIX 20494          gnome-panel/4019  
UNIX 20495          gnome-panel/4019  
UNIX 20503          gnome-panel/4019  /tmp/orbit-ubuntu/linc-fb3-0-64666762c557f
UNIX 20554          gnome-panel/4019  /tmp/orbit-ubuntu/linc-fb3-0-64666762c557f
UNIX 20589          gnome-panel/4019  /tmp/orbit-ubuntu/linc-fb3-0-64666762c557f
UNIX 20599          gnome-panel/4019  /tmp/orbit-ubuntu/linc-fb3-0-64666762c557f
UNIX 20646          gnome-panel/4019  /tmp/orbit-ubuntu/linc-fb3-0-64666762c557f
UNIX 20649          gnome-panel/4019  /tmp/orbit-ubuntu/linc-fb3-0-64666762c557f
UNIX 20359             metacity/4022  
UNIX 20421             metacity/4022  
UNIX 20426             metacity/4022  
UNIX 20428             metacity/4022  /tmp/orbit-ubuntu/linc-fb6-0-70bdb879be320
UNIX 20431             metacity/4022  /tmp/orbit-ubuntu/linc-fb6-0-70bdb879be320
UNIX 20484             metacity/4022  
UNIX 21648             metacity/4022  
UNIX 19559             nautilus/4023  
UNIX 19623             nautilus/4023  
UNIX 19638             nautilus/4023  
UNIX 19650             nautilus/4023  
UNIX 19654             nautilus/4023  /tmp/orbit-ubuntu/linc-fb7-0-2c2521a0cc5b0
UNIX 19657             nautilus/4023  /tmp/orbit-ubuntu/linc-fb7-0-2c2521a0cc5b0
UNIX 19687             nautilus/4023  
UNIX 19689             nautilus/4023  
UNIX 19767             nautilus/4023  
UNIX 19805             nautilus/4023  
UNIX 19806             nautilus/4023  
UNIX 19975             nautilus/4023  
UNIX 20143             nautilus/4023  
UNIX 20145             nautilus/4023  
UNIX 20681             nautilus/4023  
UNIX 20682             nautilus/4023  
UNIX 19561      gnome-power-man/4024  
UNIX 19616      gnome-power-man/4024  
UNIX 19634      gnome-power-man/4024  
UNIX 19666      gnome-power-man/4024  
UNIX 19670      gnome-power-man/4024  /tmp/orbit-ubuntu/linc-fb8-0-2978be68cd0af
UNIX 19674      gnome-power-man/4024  /tmp/orbit-ubuntu/linc-fb8-0-2978be68cd0af
UNIX 19489           pulseaudio/4026  
UNIX 19733           pulseaudio/4026  
UNIX 19882           pulseaudio/4026  /home/ubuntu/.pulse/71fa14b0b774250ee949902d4f9fe158-runtime/native
UNIX 21649           pulseaudio/4026  /home/ubuntu/.pulse/71fa14b0b774250ee949902d4f9fe158-runtime/native
UNIX 19738           pulseaudio/4026  
UNIX 20778           pulseaudio/4026  
UNIX 19819           pulseaudio/4026  
UNIX 19822           pulseaudio/4026  /tmp/.esd-999/socket
UNIX 19825           pulseaudio/4026  /home/ubuntu/.pulse/71fa14b0b774250ee949902d4f9fe158-runtime/native
UNIX 20644           pulseaudio/4026  /home/ubuntu/.pulse/71fa14b0b774250ee949902d4f9fe158-runtime/native
UNIX 20807           pulseaudio/4026  
UNIX 19508         rtkit-daemon/4028  
UNIX 19518         rtkit-daemon/4028  
UNIX 19612              polkitd/4032  
UNIX 19741              polkitd/4032  
UNIX 19704              upowerd/4043  
UNIX 19716              upowerd/4043  
UNIX 19790          gvfsd-trash/4062  
UNIX 19794          gvfsd-trash/4062  
UNIX 19808          gvfsd-trash/4062  
UNIX 19807          gvfsd-trash/4062  
UNIX 20146          gvfsd-trash/4062  
UNIX 20144          gvfsd-trash/4062  
UNIX 20402          gvfsd-trash/4062  
UNIX 20400          gvfsd-trash/4062  
UNIX 20408          gvfsd-trash/4062  
UNIX 20406          gvfsd-trash/4062  
UNIX 19865         gconf-helper/4080  
UNIX 19873         gconf-helper/4080  
UNIX 19875         gconf-helper/4080  /tmp/orbit-ubuntu/linc-ff0-0-7935a3e537e18
UNIX 19878         gconf-helper/4080  /tmp/orbit-ubuntu/linc-ff0-0-7935a3e537e18
UNIX 20059      bonobo-activati/4086  
UNIX 20050      bonobo-activati/4086  /tmp/orbit-ubuntu/linc-ff6-0-6a1125b27dc94
UNIX 20058      bonobo-activati/4086  /tmp/orbit-ubuntu/linc-ff6-0-6a1125b27dc94
UNIX 20062      bonobo-activati/4086  
UNIX 20433      bonobo-activati/4086  /tmp/orbit-ubuntu/linc-ff6-0-6a1125b27dc94
UNIX 20454      bonobo-activati/4086  /tmp/orbit-ubuntu/linc-ff6-0-6a1125b27dc94
UNIX 20436      bonobo-activati/4086  
UNIX 20441      bonobo-activati/4086  /tmp/orbit-ubuntu/linc-ff6-0-6a1125b27dc94
UNIX 20368      bonobo-activati/4086  /tmp/orbit-ubuntu/linc-ff6-0-6a1125b27dc94
UNIX 20444      bonobo-activati/4086  
UNIX 20457      bonobo-activati/4086  
UNIX 20467      bonobo-activati/4086  /tmp/orbit-ubuntu/linc-ff6-0-6a1125b27dc94
UNIX 20470      bonobo-activati/4086  
UNIX 21206      bonobo-activati/4086  /tmp/orbit-ubuntu/linc-ff6-0-6a1125b27dc94
UNIX 20372      bonobo-activati/4086  /tmp/orbit-ubuntu/linc-ff6-0-6a1125b27dc94
UNIX 21207      bonobo-activati/4086  
UNIX 20375      bonobo-activati/4086  
UNIX 20377      bonobo-activati/4086  
UNIX 19986      gvfs-gdu-volume/4096  
UNIX 19992      gvfs-gdu-volume/4096  
UNIX 20044      gvfs-gdu-volume/4096  
UNIX 20005        udisks-daemon/4099  
UNIX 20039        udisks-daemon/4099  
UNIX 20054      gvfs-gphoto2-vo/4103  
UNIX 20153          wnck-applet/4113  
UNIX 20373          wnck-applet/4113  /tmp/orbit-ubuntu/linc-1011-0-7df64c8dad960
UNIX 20371          wnck-applet/4113  
UNIX 20378          wnck-applet/4113  /tmp/orbit-ubuntu/linc-1011-0-7df64c8dad960
UNIX 20379          wnck-applet/4113  
UNIX 20382          wnck-applet/4113  
UNIX 20385          wnck-applet/4113  /tmp/orbit-ubuntu/linc-1011-0-7df64c8dad960
UNIX 20496          wnck-applet/4113  /tmp/orbit-ubuntu/linc-1011-0-7df64c8dad960
UNIX 20648          wnck-applet/4113  
UNIX 20651          wnck-applet/4113  
UNIX 20107      gvfs-afc-volume/4114  
UNIX 20163          trashapplet/4115  
UNIX 20369          trashapplet/4115  /tmp/orbit-ubuntu/linc-1013-0-2c28c089ad813
UNIX 20367          trashapplet/4115  
UNIX 20376          trashapplet/4115  /tmp/orbit-ubuntu/linc-1013-0-2c28c089ad813
UNIX 20386          trashapplet/4115  
UNIX 20389          trashapplet/4115  
UNIX 20392          trashapplet/4115  /tmp/orbit-ubuntu/linc-1013-0-2c28c089ad813
UNIX 20393          trashapplet/4115  
UNIX 20395          trashapplet/4115  
UNIX 20399          trashapplet/4115  
UNIX 20401          trashapplet/4115  
UNIX 20405          trashapplet/4115  
UNIX 20407          trashapplet/4115  
UNIX 20497          trashapplet/4115  /tmp/orbit-ubuntu/linc-1013-0-2c28c089ad813
UNIX 20645          trashapplet/4115  
UNIX 20352      indicator-apple/4121  
UNIX 20442      indicator-apple/4121  /tmp/orbit-ubuntu/linc-1019-0-1b0bc165bef42
UNIX 20440      indicator-apple/4121  
UNIX 20445      indicator-apple/4121  /tmp/orbit-ubuntu/linc-1019-0-1b0bc165bef42
UNIX 20446      indicator-apple/4121  
UNIX 20449      indicator-apple/4121  
UNIX 20452      indicator-apple/4121  /tmp/orbit-ubuntu/linc-1019-0-1b0bc165bef42
UNIX 20501      indicator-apple/4121  /tmp/orbit-ubuntu/linc-1019-0-1b0bc165bef42
UNIX 20502      indicator-apple/4121  
UNIX 20504      indicator-apple/4121  
UNIX 20506      indicator-apple/4121  
UNIX 20349         clock-applet/4122  
UNIX 20434         clock-applet/4122  /tmp/orbit-ubuntu/linc-101a-0-3107d045bea28
UNIX 20432         clock-applet/4122  
UNIX 20437         clock-applet/4122  /tmp/orbit-ubuntu/linc-101a-0-3107d045bea28
UNIX 20438         clock-applet/4122  
UNIX 20480         clock-applet/4122  
UNIX 20483         clock-applet/4122  /tmp/orbit-ubuntu/linc-101a-0-3107d045bea28
UNIX 20500         clock-applet/4122  /tmp/orbit-ubuntu/linc-101a-0-3107d045bea28
UNIX 20553         clock-applet/4122  
UNIX 20570         clock-applet/4122  
UNIX 20573         clock-applet/4122  
UNIX 20575         clock-applet/4122  
UNIX 20341      indicator-apple/4125  
UNIX 20455      indicator-apple/4125  /tmp/orbit-ubuntu/linc-101d-0-738f775cbfec2
UNIX 20453      indicator-apple/4125  
UNIX 20458      indicator-apple/4125  /tmp/orbit-ubuntu/linc-101d-0-738f775cbfec2
UNIX 20459      indicator-apple/4125  
UNIX 20462      indicator-apple/4125  
UNIX 20465      indicator-apple/4125  /tmp/orbit-ubuntu/linc-101d-0-738f775cbfec2
UNIX 20498      indicator-apple/4125  /tmp/orbit-ubuntu/linc-101d-0-738f775cbfec2
UNIX 20598      indicator-apple/4125  
UNIX 20600      indicator-apple/4125  
UNIX 20602      indicator-apple/4125  
UNIX 20345      notification-ar/4126  
UNIX 20468      notification-ar/4126  /tmp/orbit-ubuntu/linc-101e-0-1f9c0962c08f1
UNIX 20466      notification-ar/4126  
UNIX 20471      notification-ar/4126  /tmp/orbit-ubuntu/linc-101e-0-1f9c0962c08f1
UNIX 20472      notification-ar/4126  
UNIX 20475      notification-ar/4126  
UNIX 20478      notification-ar/4126  /tmp/orbit-ubuntu/linc-101e-0-1f9c0962c08f1
UNIX 20499      notification-ar/4126  /tmp/orbit-ubuntu/linc-101e-0-1f9c0962c08f1
UNIX 20588      notification-ar/4126  
UNIX 20518       gvfsd-metadata/4134  
UNIX 20522      indicator-me-se/4135  
UNIX 20529      indicator-me-se/4135  
UNIX 20533      indicator-me-se/4135  
UNIX 20535      indicator-me-se/4135  /tmp/orbit-ubuntu/linc-1027-0-109ee88a64a9
UNIX 20538      indicator-me-se/4135  /tmp/orbit-ubuntu/linc-1027-0-109ee88a64a9
UNIX 20544      indicator-sessi/4137  
UNIX 20549      indicator-sessi/4137  
UNIX 20559      indicator-sessi/4137  
UNIX 20561      indicator-sessi/4137  /tmp/orbit-ubuntu/linc-1029-0-142e17ec133ef
UNIX 20564      indicator-sessi/4137  /tmp/orbit-ubuntu/linc-1029-0-142e17ec133ef
UNIX 20565      indicator-sessi/4137  
UNIX 20615      indicator-appli/4143  
UNIX 21434      indicator-appli/4143  
UNIX 20613      indicator-messa/4144  
UNIX 20627      indicator-messa/4144  
UNIX 20633      indicator-sound/4146  
UNIX 20643      indicator-sound/4146  
UNIX 20672           gvfsd-burn/4148  
UNIX 20684           gvfsd-burn/4148  
UNIX 20683           gvfsd-burn/4148  
UNIX 20720      gnome-screensav/4150  
UNIX 20723      gnome-screensav/4150  
UNIX 20728      gnome-screensav/4150  
UNIX 20730      gnome-screensav/4150  /tmp/orbit-ubuntu/linc-1035-0-8db220620e4
UNIX 20733      gnome-screensav/4150  /tmp/orbit-ubuntu/linc-1035-0-8db220620e4
UNIX 20734      gnome-screensav/4150  
UNIX 20843      gdu-notificatio/4156  
UNIX 20846      gdu-notificatio/4156  
UNIX 20850      gdu-notificatio/4156  
UNIX 21187      evolution-alarm/4158  
UNIX 21192      evolution-alarm/4158  
UNIX 21194      evolution-alarm/4158  
UNIX 21197      evolution-alarm/4158  
UNIX 21199      evolution-alarm/4158  /tmp/orbit-ubuntu/linc-103e-0-2779fa97350d3
UNIX 21202      evolution-alarm/4158  /tmp/orbit-ubuntu/linc-103e-0-2779fa97350d3
UNIX 21208      evolution-alarm/4158  /tmp/orbit-ubuntu/linc-103e-0-2779fa97350d3
UNIX 21205      evolution-alarm/4158  
UNIX 21214               python/4159  
UNIX 21217               python/4159  
UNIX 21211               python/4159  
UNIX 21293      update-notifier/4164  
UNIX 21296      update-notifier/4164  
UNIX 21301      update-notifier/4164  
UNIX 21303      update-notifier/4164  /tmp/orbit-ubuntu/linc-1044-0-295e885e9
UNIX 21306      update-notifier/4164  /tmp/orbit-ubuntu/linc-1044-0-295e885e9
UNIX 21307      update-notifier/4164  
UNIX 21336      update-notifier/4164  
UNIX 21575       gnome-terminal/4202  
UNIX 21578       gnome-terminal/4202  
UNIX 21580       gnome-terminal/4202  
UNIX 21585       gnome-terminal/4202  
UNIX 21587       gnome-terminal/4202  /tmp/orbit-ubuntu/linc-106a-0-a31af9adc9fe
UNIX 21590       gnome-terminal/4202  /tmp/orbit-ubuntu/linc-106a-0-a31af9adc9fe
UNIX 21591       gnome-terminal/4202  
UNIX 21596       gnome-terminal/4202  
UNIX 21597      gnome-pty-helpe/4203  
UNIX 21597      gnome-pty-helpe/4203  
UNIX 4569                 udevd/4233  
UNIX 4569                 udevd/4234  

Command: './volatility_2.6_lin64_standalone --plugins=./plugins/ --profile=LinuxUbuntu10043x86 linux_dmesg -f ubuntu-10.04.3-i386-LiveCD-kbeast.mem' 
[2314885531810281020.2314885531] ] Initializing cgroup subsys cpuset
<6>[    0.000000] Initializing cgroup subsys cpu
<5>[    0.000000] Linux version 2.6.32-33-generic (buildd@rothera) (gcc version 4.4.3 (Ubuntu 4.4.3-4ubuntu5) ) #70-Ubuntu SMP Thu Jul 7 21:09:46 UTC 2011 (Ubuntu 2.6.32-33.70-generic 2.6.32.41+drm33.18)
<6>[    0.000000] KERNEL supported cpus:
<6>[    0.000000]   Intel GenuineIntel
<6>[    0.000000]   AMD AuthenticAMD
<6>[    0.000000]   NSC Geode by NSC
<6>[    0.000000]   Cyrix CyrixInstead
<6>[    0.000000]   Centaur CentaurHauls
<6>[    0.000000]   Transmeta GenuineTMx86
<6>[    0.000000]   Transmeta TransmetaCPU
<6>[    0.000000]   UMC UMC UMC UMC
<6>[    0.000000] BIOS-provided physical RAM map:
<6>[    0.000000]  BIOS-e820: 0000000000000000 - 000000000009fc00 (usable)
<6>[    0.000000]  BIOS-e820: 000000000009fc00 - 00000000000a0000 (reserved)
<6>[    0.000000]  BIOS-e820: 00000000000f0000 - 0000000000100000 (reserved)
<6>[    0.000000]  BIOS-e820: 0000000000100000 - 000000003fff0000 (usable)
<6>[    0.000000]  BIOS-e820: 000000003fff0000 - 0000000040000000 (ACPI data)
<6>[    0.000000]  BIOS-e820: 00000000fffc0000 - 0000000100000000 (reserved)
<6>[    0.000000] DMI 2.5 present.
<6>[    0.000000] last_pfn = 0x3fff0 max_arch_pfn = 0x100000
<7>[    0.000000] MTRR default type: uncachable
<7>[    0.000000] MTRR variable ranges disabled:
<6>[    0.000000] x86 PAT enabled: cpu 0, old 0x7040600070406, new 0x7010600070106
<6>[    0.000000] CPU MTRRs all blank - virtualized system.
<7>[    0.000000] e820 update range: 0000000000002000 - 0000000000006000 (usable) ==> (reserved)
<6>[    0.000000] Scanning 1 areas for low memory corruption
<6>[    0.000000] modified physical RAM map:
<6>[    0.000000]  modified: 0000000000000000 - 0000000000002000 (usable)
<6>[    0.000000]  modified: 0000000000002000 - 0000000000006000 (reserved)
<6>[    0.000000]  modified: 0000000000006000 - 000000000009fc00 (usable)
<6>[    0.000000]  modified: 000000000009fc00 - 00000000000a0000 (reserved)
<6>[    0.000000]  modified: 00000000000f0000 - 0000000000100000 (reserved)
<6>[    0.000000]  modified: 0000000000100000 - 000000003fff0000 (usable)
<6>[    0.000000]  modified: 000000003fff0000 - 0000000040000000 (ACPI data)
<6>[    0.000000]  modified: 00000000fffc0000 - 0000000100000000 (reserved)
<7>[    0.000000] initial memory mapped : 0 - 00c00000
<6>[    0.000000] init_memory_mapping: 0000000000000000-00000000377fe000
<6>[    0.000000] Using x86 segment limits to approximate NX protection
<7>[    0.000000]  0000000000 - 0000400000 page 4k
<7>[    0.000000]  0000400000 - 0037400000 page 2M
<7>[    0.000000]  0037400000 - 00377fe000 page 4k
<7>[    0.000000] kernel direct mapping tables up to 377fe000 @ 7000-c000
<6>[    0.000000] RAMDISK: 3f6c4000 - 3ffbf3e4
<6>[    0.000000] Allocated new RAMDISK: 008e5000 - 011e03e4
<6>[    0.000000] Move RAMDISK from 000000003f6c4000 - 000000003ffbf3e3 to 008e5000 - 011e03e3
<4>[    0.000000] ACPI: RSDP 000e0000 00024 (v02 VBOX  )
<4>[    0.000000] ACPI: XSDT 3fff0030 00034 (v01 VBOX   VBOXXSDT 00000001 ASL  00000061)
<4>[    0.000000] ACPI: FACP 3fff00f0 000F4 (v04 VBOX   VBOXFACP 00000001 ASL  00000061)
<4>[    0.000000] ACPI: DSDT 3fff0410 01B96 (v01 VBOX   VBOXBIOS 00000002 INTL 20100528)
<4>[    0.000000] ACPI: FACS 3fff0200 00040
<4>[    0.000000] ACPI: SSDT 3fff0240 001CC (v01 VBOX   VBOXCPUT 00000002 INTL 20100528)
<5>[    0.000000] 135MB HIGHMEM available.
<5>[    0.000000] 887MB LOWMEM available.
<6>[    0.000000]   mapped low ram: 0 - 377fe000
<6>[    0.000000]   low ram: 0 - 377fe000
<6>[    0.000000]   node 0 low ram: 00000000 - 377fe000
<6>[    0.000000]   node 0 bootmap 00008000 - 0000ef00
<6>[    0.000000] (9 early reservations) ==> bootmem [0000000000 - 00377fe000]
<6>[    0.000000]   #0 [0000000000 - 0000001000]   BIOS data page ==> [0000000000 - 0000001000]
<6>[    0.000000]   #1 [0000001000 - 0000002000]    EX TRAMPOLINE ==> [0000001000 - 0000002000]
<6>[    0.000000]   #2 [0000006000 - 0000007000]       TRAMPOLINE ==> [0000006000 - 0000007000]
<6>[    0.000000]   #3 [0000100000 - 00008e0ef8]    TEXT DATA BSS ==> [0000100000 - 00008e0ef8]
<6>[    0.000000]   #4 [000009fc00 - 0000100000]    BIOS reserved ==> [000009fc00 - 0000100000]
<6>[    0.000000]   #5 [00008e1000 - 00008e4071]              BRK ==> [00008e1000 - 00008e4071]
<6>[    0.000000]   #6 [0000007000 - 0000008000]          PGTABLE ==> [0000007000 - 0000008000]
<6>[    0.000000]   #7 [00008e5000 - 00011e03e4]      NEW RAMDISK ==> [00008e5000 - 00011e03e4]
<6>[    0.000000]   #8 [0000008000 - 000000f000]          BOOTMAP ==> [0000008000 - 000000f000]
<4>[    0.000000] Zone PFN ranges:
<4>[    0.000000]   DMA      0x00000000 -> 0x00001000
<4>[    0.000000]   Normal   0x00001000 -> 0x000377fe
<4>[    0.000000]   HighMem  0x000377fe -> 0x0003fff0
<4>[    0.000000] Movable zone start PFN for each node
<4>[    0.000000] early_node_map[3] active PFN ranges
<4>[    0.000000]     0: 0x00000000 -> 0x00000002
<4>[    0.000000]     0: 0x00000006 -> 0x0000009f
<4>[    0.000000]     0: 0x00000100 -> 0x0003fff0
<7>[    0.000000] On node 0 totalpages: 262027
<7>[    0.000000] free_area_init_node: node 0, pgdat c079a7c0, node_mem_map c11e2000
<7>[    0.000000]   DMA zone: 32 pages used for memmap
<7>[    0.000000]   DMA zone: 0 pages reserved
<7>[    0.000000]   DMA zone: 3963 pages, LIFO batch:0
<7>[    0.000000]   Normal zone: 1744 pages used for memmap
<7>[    0.000000]   Normal zone: 221486 pages, LIFO batch:31
<7>[    0.000000]   HighMem zone: 272 pages used for memmap
<7>[    0.000000]   HighMem zone: 34530 pages, LIFO batch:7
<6>[    0.000000] Using APIC driver default
<6>[    0.000000] ACPI: PM-Timer IO Port: 0x4008
<6>[    0.000000] SMP: Allowing 1 CPUs, 0 hotplug CPUs
<6>[    0.000000] Found and enabled local APIC!
<7>[    0.000000] nr_irqs_gsi: 16
<6>[    0.000000] PM: Registered nosave memory: 0000000000002000 - 0000000000006000
<6>[    0.000000] PM: Registered nosave memory: 000000000009f000 - 00000000000a0000
<6>[    0.000000] PM: Registered nosave memory: 00000000000a0000 - 00000000000f0000
<6>[    0.000000] PM: Registered nosave memory: 00000000000f0000 - 0000000000100000
<6>[    0.000000] Allocating PCI resources starting at 40000000 (gap: 40000000:bffc0000)
<6>[    0.000000] Booting paravirtualized kernel on bare hardware
<6>[    0.000000] NR_CPUS:8 nr_cpumask_bits:8 nr_cpu_ids:1 nr_node_ids:1
<6>[    0.000000] PERCPU: Embedded 14 pages/cpu @c1c00000 s36312 r0 d21032 u4194304
<6>[    0.000000] pcpu-alloc: s36312 r0 d21032 u4194304 alloc=1*4194304
<6>[    0.000000] pcpu-alloc: [0] 0 
<4>[    0.000000] Built 1 zonelists in Zone order, mobility grouping on.  Total pages: 259979
<5>[    0.000000] Kernel command line: BOOT_IMAGE=/casper/vmlinuz file=/cdrom/preseed/ubuntu.seed boot=casper initrd=/casper/initrd.lz quiet splash --
<6>[    0.000000] PID hash table entries: 4096 (order: 2, 16384 bytes)
<6>[    0.000000] Dentry cache hash table entries: 131072 (order: 7, 524288 bytes)
<6>[    0.000000] Inode-cache hash table entries: 65536 (order: 6, 262144 bytes)
<6>[    0.000000] Enabling fast FPU save and restore... done.
<6>[    0.000000] Enabling unmasked SIMD FPU exception support... done.
<6>[    0.000000] Initializing CPU#0
<6>[    0.000000] allocated 5242560 bytes of page_cgroup
<6>[    0.000000] please try 'cgroup_disable=memory' option if you don't want memory cgroups
<6>[    0.000000] Initializing HighMem for node 0 (000377fe:0003fff0)
<6>[    0.000000] Memory: 1016180k/1048512k available (4675k kernel code, 31500k reserved, 2127k data, 668k init, 139208k highmem)
<6>[    0.000000] virtual kernel memory layout:
<6>[    0.000000]     fixmap  : 0xfff1d000 - 0xfffff000   ( 904 kB)
<6>[    0.000000]     pkmap   : 0xff800000 - 0xffc00000   (4096 kB)
<6>[    0.000000]     vmalloc : 0xf7ffe000 - 0xff7fe000   ( 120 MB)
<6>[    0.000000]     lowmem  : 0xc0000000 - 0xf77fe000   ( 887 MB)
<6>[    0.000000]       .init : 0xc07a5000 - 0xc084c000   ( 668 kB)
<6>[    0.000000]       .data : 0xc0590dc7 - 0xc07a4d88   (2127 kB)
<6>[    0.000000]       .text : 0xc0100000 - 0xc0590dc7   (4675 kB)
<6>[    0.000000] Checking if this processor honours the WP bit even in supervisor mode...Ok.
<6>[    0.000000] SLUB: Genslabs=13, HWalign=64, Order=0-3, MinObjects=0, CPUs=1, Nodes=1
<6>[    0.000000] Hierarchical RCU implementation.
<6>[    0.000000] NR_IRQS:2304 nr_irqs:256
<4>[    0.000000] Console: colour VGA+ 80x25
<6>[    0.000000] console [tty0] enabled
<4>[    0.000000] Fast TSC calibration using PIT
<4>[    0.000000] Detected 2486.344 MHz processor.
<6>[    0.004002] Calibrating delay loop (skipped), value calculated using timer frequency.. 4972.68 BogoMIPS (lpj=9945376)
<6>[    0.004011] Security Framework initialized
<6>[    0.004022] AppArmor: AppArmor initialized
<4>[    0.004025] Mount-cache hash table entries: 512
<6>[    0.004508] Initializing cgroup subsys ns
<6>[    0.004511] Initializing cgroup subsys cpuacct
<6>[    0.004513] Initializing cgroup subsys memory
<6>[    0.004516] Initializing cgroup subsys devices
<6>[    0.004518] Initializing cgroup subsys freezer
<6>[    0.004519] Initializing cgroup subsys net_cls
<4>[    0.004563] , L1 D cache: 32K
<6>[    0.004564] CPU: L2 cache: 6144K
<6>[    0.004589] mce: CPU supports 0 MCE banks
<6>[    0.004637] using mwait in idle threads.
<6>[    0.004640] Performance Events: unsupported p6 CPU model 42 no PMU driver, software events only.
<6>[    0.004651] Checking 'hlt' instruction... OK.
<6>[    0.030378] SMP alternatives: switching to UP code
<6>[    0.043456] Freeing SMP alternatives: 19k freed
<6>[    0.045751] ACPI: Core revision 20090903
<4>[    0.046722] ACPI: setting ELCR to 0200 (from 0e20)
<6>[    0.049369] ftrace: converting mcount calls to 0f 1f 44 00 00
<6>[    0.049567] ftrace: allocating 21725 entries in 43 pages
<6>[    0.057879] Enabling APIC mode:  Flat.  Using 0 I/O APICs
<4>[    0.057920] weird, boot CPU (#0) not listed by the BIOS.
<5>[    0.057946] SMP motherboard not detected.
<6>[    0.060001] SMP disabled
<6>[    0.060001] Brought up 1 CPUs
<6>[    0.060001] Total of 1 processors activated (4972.68 BogoMIPS).
<7>[    0.060001] CPU0 attaching NULL sched-domain.
<6>[    0.060001] devtmpfs: initialized
<6>[    0.060001] regulator: core version 0.5
<4>[    0.060001] Time: 13:12:42  Date: 05/01/12
<6>[    0.060001] NET: Registered protocol family 16
<6>[    0.060001] EISA bus registered
<6>[    0.060001] ACPI: bus type pci registered
<6>[    0.112131] PCI: PCI BIOS revision 2.10 entry at 0xfc060, last bus=0
<6>[    0.112132] PCI: Using configuration type 1 for base access
<4>[    0.112548] bio: create slab <bio-0> at 0
<7>[    0.112719] ACPI: EC: Look up EC in DSDT
<4>[    0.113254] ACPI: Executed 1 blocks of module-level executable AML code
<6>[    0.114671] ACPI: Interpreter enabled
<6>[    0.114673] ACPI: (supports S0 S5)
<6>[    0.114679] ACPI: Using PIC for interrupt routing
<6>[    0.115709] ACPI: No dock devices found.
<6>[    0.115746] ACPI: PCI Root Bridge [PCI0] (0000:00)
<7>[    0.116404] pci 0000:00:01.1: reg 20 io port: [0xd000-0xd00f]
<7>[    0.117253] pci 0000:00:02.0: reg 10 32bit mmio pref: [0xe0000000-0xe0ffffff]
<7>[    0.117930] pci 0000:00:03.0: reg 10 32bit mmio: [0xf0000000-0xf001ffff]
<7>[    0.118003] pci 0000:00:03.0: reg 18 io port: [0xd010-0xd017]
<7>[    0.118393] pci 0000:00:04.0: reg 10 io port: [0xd020-0xd03f]
<7>[    0.118776] pci 0000:00:04.0: reg 14 32bit mmio: [0xf0400000-0xf07fffff]
<7>[    0.119065] pci 0000:00:04.0: reg 18 32bit mmio pref: [0xf0800000-0xf0803fff]
<7>[    0.119291] pci 0000:00:05.0: reg 10 io port: [0xd100-0xd1ff]
<7>[    0.119316] pci 0000:00:05.0: reg 14 io port: [0xd200-0xd23f]
<7>[    0.119827] pci 0000:00:06.0: reg 10 32bit mmio: [0xf0804000-0xf0804fff]
<7>[    0.120546] pci 0000:00:0d.0: reg 10 io port: [0xd240-0xd247]
<7>[    0.120598] pci 0000:00:0d.0: reg 18 io port: [0xd250-0xd257]
<7>[    0.120649] pci 0000:00:0d.0: reg 20 io port: [0xd260-0xd26f]
<7>[    0.120958] pci 0000:00:0d.0: reg 24 32bit mmio: [0xf0806000-0xf0807fff]
<7>[    0.121187] pci_bus 0000:00: on NUMA node 0
<7>[    0.121209] ACPI: PCI Interrupt Routing Table [\_SB_.PCI0._PRT]
<6>[    0.124001] ACPI: PCI Interrupt Link [LNKA] (IRQs *5 9 10 11)
<6>[    0.124140] ACPI: PCI Interrupt Link [LNKB] (IRQs 5 9 10 *11)
<6>[    0.124195] AC
[7450486641295109732.7450486641] ort: [0xd240-0xd247]
<7>[    0.120598] pci 0000:00:0d.0: reg 18 io port: [0xd250-0xd257]
<7>[    0.120649] pci 0000:00:0d.0: reg 20 io port: [0xd260-0xd26f]
<7>[    0.120958] pci 0000:00:0d.0: reg 24 32bit mmio: [0xf0806000-0xf0807fff]
<7>[    0.121187] pci_bus 0000:00: on NUMA node 0
<7>[    0.121209] ACPI: PCI Interrupt Routing Table [\_SB_.PCI0._PRT]
<6>[    0.124001] ACPI: PCI Interrupt Link [LNKA] (IRQs *5 9 10 11)
<6>[    0.124140] ACPI: PCI Interrupt Link [LNKB] (IRQs 5 9 10 *11)
<6>[    0.124195] ACPI: PCI Interrupt Link [LNKC] (IRQs 5 9 *10 11)
<6>[    0.124250] ACPI: PCI Interrupt Link [LNKD] (IRQs 5 *9 10 11)
<6>[    0.124338] vgaarb: device added: PCI:0000:00:02.0,decodes=io+mem,owns=io+mem,locks=none
<6>[    0.124340] vgaarb: loaded
<5>[    0.124412] SCSI subsystem initialized
<7>[    0.124458] libata version 3.00 loaded.
<6>[    0.124504] usbcore: registered new interface driver usbfs
<6>[    0.124509] usbcore: registered new interface driver hub
<6>[    0.124521] usbcore: registered new device driver usb
<6>[    0.124578] ACPI: WMI: Mapper loaded
<6>[    0.124579] PCI: Using ACPI for IRQ routing
<6>[    0.124747] NetLabel: Initializing
<6>[    0.124748] NetLabel:  domain hash size = 128
<6>[    0.124749] NetLabel:  protocols = UNLABELED CIPSOv4
<6>[    0.124755] NetLabel:  unlabeled traffic allowed by default
<6>[    0.124771] Switching to clocksource tsc
<6>[    0.125711] AppArmor: AppArmor Filesystem Enabled
<6>[    0.125716] pnp: PnP ACPI init
<6>[    0.125724] ACPI: bus type pnp registered
<6>[    0.126173] pnp: PnP ACPI: found 5 devices
<6>[    0.126174] ACPI: ACPI bus type pnp unregistered
<6>[    0.126176] PnPBIOS: Disabled by ACPI PNP
<7>[    0.159982] pci_bus 0000:00: resource 0 io:  [0x00-0xffff]
<7>[    0.159983] pci_bus 0000:00: resource 1 mem: [0x000000-0xffffffff]
<6>[    0.159999] NET: Registered protocol family 2
<6>[    0.160040] IP route cache hash table entries: 32768 (order: 5, 131072 bytes)
<6>[    0.160164] TCP established hash table entries: 131072 (order: 8, 1048576 bytes)
<6>[    0.160756] TCP bind hash table entries: 65536 (order: 7, 524288 bytes)
<6>[    0.160842] TCP: Hash tables configured (established 131072 bind 65536)
<6>[    0.160843] TCP reno registered
<6>[    0.160880] NET: Registered protocol family 1
<6>[    0.160887] pci 0000:00:00.0: Limiting direct PCI/PCI transfers
<6>[    0.160899] pci 0000:00:01.0: Activating ISA DMA hang workarounds
<7>[    0.160907] pci 0000:00:02.0: Boot video device
<6>[    0.160991] platform rtc_cmos: registered platform RTC device (no PNP device found)
<6>[    0.161039] cpufreq-nforce2: No nForce2 chipset.
<6>[    0.161047] Scanning for low memory corruption every 60 seconds
<6>[    0.161101] audit: initializing netlink socket (disabled)
<5>[    0.161106] type=2000 audit(1335877962.159:1): initialized
<6>[    0.165988] Trying to unpack rootfs image as initramfs...
<4>[    1.316905] highmem bounce pool size: 64 pages
<6>[    1.316908] HugeTLB registered 4 MB page size, pre-allocated 0 pages
<5>[    1.317588] VFS: Disk quotas dquot_6.5.2
<4>[    1.317612] Dquot-cache hash table entries: 1024 (order 0, 4096 bytes)
<6>[    1.317868] fuse init (API version 7.13)
<6>[    1.317907] msgmni has been set to 1713
<6>[    1.317995] alg: No test for stdrng (krng)
<6>[    1.318022] Block layer SCSI generic (bsg) driver version 0.4 loaded (major 253)
<6>[    1.318023] io scheduler noop registered
<6>[    1.318024] io scheduler anticipatory registered
<6>[    1.318025] io scheduler deadline registered
<6>[    1.318041] io scheduler cfq registered (default)
<6>[    1.318079] pci_hotplug: PCI Hot Plug PCI Core version: 0.5
<6>[    1.318090] pciehp: PCI Express Hot Plug Controller Driver version: 0.4
<6>[    1.318148] ACPI: AC Adapter [AC] (on-line)
<6>[    1.318179] input: Power Button as /devices/LNXSYSTM:00/LNXPWRBN:00/input/input0
<6>[    1.318180] ACPI: Power Button [PWRF]
